// Vitest Snapshot v1, https://vitest.dev/guide/snapshot.html

exports[`json-ld > article > basic output 1`] = `
{
  "@type": "Article",
  "articleSection": "Digital Garden",
  "author": {
    "@id": "https://www.lekoarts.de/#identity",
  },
  "copyrightHolder": {
    "@id": "https://www.lekoarts.de/#identity",
  },
  "copyrightYear": "2021",
  "creator": {
    "@id": "https://www.lekoarts.de/#creator",
  },
  "dateModified": "2021-07-17",
  "datePublished": "2021-07-17",
  "description": "Sci-Fi",
  "genre": "Series",
  "headline": "The Expanse",
  "image": {
    "@type": "ImageObject",
    "url": "https://www.lekoarts.de/path-to-image.png",
  },
  "inLanguage": "en-US",
  "mainEntityOfPage": "https://www.lekoarts.de/the-expanse",
  "name": "The Expanse",
  "publisher": {
    "@id": "https://www.lekoarts.de/#creator",
  },
  "url": "https://www.lekoarts.de/the-expanse",
}
`;

exports[`json-ld > breadcrumbList 1`] = `
{
  "@context": "https://schema.org",
  "@type": "BreadcrumbList",
  "description": "Breadcrumbs list",
  "itemListElement": [
    {
      "@type": "ListItem",
      "item": {
        "@id": "https://www.lekoarts.de",
        "name": "Homepage",
      },
      "position": 1,
    },
    {
      "@type": "ListItem",
      "item": {
        "@id": "https://www.lekoarts.de/james",
        "name": "James",
      },
      "position": 2,
    },
    {
      "@type": "ListItem",
      "item": {
        "@id": "https://www.lekoarts.de/naomi",
        "name": "Naomi",
      },
      "position": 3,
    },
  ],
  "name": "Breadcrumbs",
}
`;
